tiffs-mac:~ tiffypiggy$ pwd
/Users/tiffypiggy
tiffs-mac:~ tiffypiggy$ ls
Applications		Documents		Movies			Public
Creative Cloud Files	Downloads		Music
Desktop			Library			Pictures
tiffs-mac:~ tiffypiggy$ cd Desktop
tiffs-mac:Desktop tiffypiggy$ ls
20180925hw.html	PARSONS		Poster		Tiffany
tiffs-mac:Desktop tiffypiggy$ cd Desktop/
-bash: cd: Desktop/: No such file or directory
tiffs-mac:Desktop tiffypiggy$ cd Desktop
-bash: cd: Desktop: No such file or directory
tiffs-mac:Desktop tiffypiggy$ ls
20180925hw.html	PARSONS		Poster		Tiffany
tiffs-mac:Desktop tiffypiggy$ cd ..
tiffs-mac:~ tiffypiggy$ cd Creative\ Computing/
-bash: cd: Creative Computing/: No such file or directory
tiffs-mac:~ tiffypiggy$ cd Creative\ Computing
-bash: cd: Creative Computing: No such file or directory
tiffs-mac:~ tiffypiggy$ pwd
/Users/tiffypiggy
tiffs-mac:~ tiffypiggy$ cd /Users/tiffypiggy/Desktop/PARSONS/Academics/Fall\ 2018/Creative\ Computing/Terminal/project\ 1 
tiffs-mac:project 1 tiffypiggy$ git status
On branch master
Your branch is up to date with 'origin/master'.

Untracked files:
  (use "git add <file>..." to include in what will be committed)

	terminal.md

nothing added to commit but untracked files present (use "git add" to track)
tiffs-mac:project 1 tiffypiggy$ git status
On branch master
Your branch is up to date with 'origin/master'.

Untracked files:
  (use "git add <file>..." to include in what will be committed)

	terminal.md

nothing added to commit but untracked files present (use "git add" to track)
tiffs-mac:project 1 tiffypiggy$ git status
On branch master
Your branch is up to date with 'origin/master'.

Untracked files:
  (use "git add <file>..." to include in what will be committed)

	20180925hw.xml
	terminal.md

nothing added to commit but untracked files present (use "git add" to track)
tiffs-mac:project 1 tiffypiggy$ git add 20180925hw.xml 
tiffs-mac:project 1 tiffypiggy$ 
tiffs-mac:project 1 tiffypiggy$ 
tiffs-mac:project 1 tiffypiggy$ 
tiffs-mac:project 1 tiffypiggy$ 
tiffs-mac:project 1 tiffypiggy$ 
tiffs-mac:project 1 tiffypiggy$ git status
On branch master
Your branch is up to date with 'origin/master'.

Changes to be committed:
  (use "git reset HEAD <file>..." to unstage)

	new file:   20180925hw.xml

Untracked files:
  (use "git add <file>..." to include in what will be committed)

	terminal.md

tiffs-mac:project 1 tiffypiggy$ git commit -am "20180925hw.xml" 
[master afb67a8] 20180925hw.xml
 1 file changed, 44 insertions(+)
 create mode 100644 20180925hw.xml
tiffs-mac:project 1 tiffypiggy$ git push origin master
Counting objects: 3, done.
Delta compression using up to 8 threads.
Compressing objects: 100% (3/3), done.
Writing objects: 100% (3/3), 503 bytes | 503.00 KiB/s, done.
Total 3 (delta 0), reused 0 (delta 0)
To https://github.com/TiffanyLing/project1
   dc4c334..afb67a8  master -> master
tiffs-mac:project 1 tiffypiggy$ 
